frame 0
......................................
......................OOOO.....OOOO...
......................OeeeOOOOOeeeO...
......................OeeePPPPPeeeO...
.OOO..................OpppppppPPPPPO..
OPPPO..OOOOOOOOOOOOOOOPPPPPPPPPPPPPPO.
OPO.O.OPPpppppppppppPPPPPPPPWWPPPPPPO.
.OPPOOPpppPPPPPPPPPPPPPPPPPPWKPPPPPPO.
....OPPPPPPPPPPPPPPPPPPPPPPPPPPPssssO.
....OPPPPPPPPPPPPPPPPPPPPPPPPPPssssssO
....OPPPPPPPPPPPPPPPPPPPPPPPPPPssKsKsO
....OPPPPPPPPPPPPPPPPbbsbPPPbbbPsssssO
....OPPPPPPPPPPPPPPPPPPPPPPPPPPPssssO.
....OPPPPPPPPPPPPPPPPPPPPPPPPPPPPPPO..
....OPPPPPPPPPPPPPPPPPPPPPPPPPPPPPO...
.....ODDDDDDDDDDDDDDDDDDDDOOOOOOOO....
......ODDDDDDDDDDDDDDDDDDDO...........
......OOOOOPPPOOOOOOOOOOOPPPO.........
.....ODDDOPPPO.......ODDDOPPPO........
.....ODDOPPPO.........ODDOPPPO........
....ODDDOPPPO.........ODDDOPPPO.......
....OOOOOOOO...........OOOOOOOO.......
frame 1
......................OOOO.....OOOO...
......................OeeeOOOOOeeeO...
......................OeeePPPPPeeeO...
.OOO..................OpppppppPPPPPO..
OPPPO..OOOOOOOOOOOOOOOPPPPPPPPPPPPPPO.
OPO.O.OPPpppppppppppPPPPPPPPWWPPPPPPO.
.OPPOOPpppPPPPPPPPPPPPPPPPPPWKPPPPPPO.
....OPPPPPPPPPPPPPPPPPPPPPPPPPPPssssO.
....OPPPPPPPPPPPPPPPPPPPPPPPPPPssssssO
....OPPPPPPPPPPPPPPPPPPPPPPPPPPssKsKsO
....OPPPPPPPPPPPPPPPPbbsbPPPbbbPsssssO
....OPPPPPPPPPPPPPPPPPPPPPPPPPPPssssO.
....OPPPPPPPPPPPPPPPPPPPPPPPPPPPPPPO..
....OPPPPPPPPPPPPPPPPPPPPPPPPPPPPPO...
.....ODDDDDDDDDDDDDDDDDDDDOOOOOOOO....
......ODDDDDDDDDDDDDDDDDDDO...........
......OOOOOPPPOOOOOOOOOOOPPPO.........
......ODDDOPPPO.....ODDDOPPPO.........
......ODDOPPPO.......ODDOPPPO.........
......ODDOPPPO.......ODDOPPPO.........
......OOOOOOOO.......OOOOOOOO.........
......................................
frame 2
......................................
......................OOOO.....OOOO...
......................OeeeOOOOOeeeO...
......................OeeePPPPPeeeO...
.OOO..................OpppppppPPPPPO..
OPPPO..OOOOOOOOOOOOOOOPPPPPPPPPPPPPPO.
OPO.O.OPPpppppppppppPPPPPPPPWWPPPPPPO.
.OPPOOPpppPPPPPPPPPPPPPPPPPPWKPPPPPPO.
....OPPPPPPPPPPPPPPPPPPPPPPPPPPPssssO.
....OPPPPPPPPPPPPPPPPPPPPPPPPPPssssssO
....OPPPPPPPPPPPPPPPPPPPPPPPPPPssKsKsO
....OPPPPPPPPPPPPPPPPbbsbPPPbbbPsssssO
....OPPPPPPPPPPPPPPPPPPPPPPPPPPPssssO.
....OPPPPPPPPPPPPPPPPPPPPPPPPPPPPPPO..
....OPPPPPPPPPPPPPPPPPPPPPPPPPPPPPO...
.....ODDDDDDDDDDDDDDDDDDDDOOOOOOOO....
......ODDDDDDDDDDDDDDDDDDDO...........
......OOOOOPPPOOOOOOOOOOOPPPO.........
.......ODDDOPPPO...ODDDOPPPO..........
.......ODDDOOPPPO.ODDDOOPPPO..........
........ODDDOPPPO.ODDDOPPPO...........
........OOOOOOOOOOOOOOOOOOO...........
frame 3
......................OOOO.....OOOO...
......................OeeeOOOOOeeeO...
......................OeeePPPPPeeeO...
.OOO..................OpppppppPPPPPO..
OPPPO..OOOOOOOOOOOOOOOPPPPPPPPPPPPPPO.
OPO.O.OPPpppppppppppPPPPPPPPWWPPPPPPO.
.OPPOOPpppPPPPPPPPPPPPPPPPPPWKPPPPPPO.
....OPPPPPPPPPPPPPPPPPPPPPPPPPPPssssO.
....OPPPPPPPPPPPPPPPPPPPPPPPPPPssssssO
....OPPPPPPPPPPPPPPPPPPPPPPPPPPssKsKsO
....OPPPPPPPPPPPPPPPPbbsbPPPbbbPsssssO
....OPPPPPPPPPPPPPPPPPPPPPPPPPPPssssO.
....OPPPPPPPPPPPPPPPPPPPPPPPPPPPPPPO..
....OPPPPPPPPPPPPPPPPPPPPPPPPPPPPPO...
.....ODDDDDDDDDDDDDDDDDDDDOOOOOOOO....
......ODDDDDDDDDDDDDDDDDDDO...........
......OOOOOPPPOOOOOOOOOOOPPPO.........
......ODDDOPPPO.....ODDDOPPPO.........
......ODDDOOPPPO...ODDDOOPPPO.........
......ODDDOOPPPO...ODDDOOPPPO.........
......OOOOOOOOOO...OOOOOOOOOO.........
......................................
D #222432
K #000003
O #2E3145
P #0B0C14
W #FFFFFF
b #D80000
e #161824
p #2E3145
s #222432
