frame 0
......................................
......................OOOO.....OOOO...
......................OeeeOOOOOeeeO...
......................OeeePPPPPeeeO...
.OOO..................OpppRRRpPPPPPO..
OPPPO..OOOOOOOOOOOOOOOPPRRRPPPPPPPPPO.
OPO.O.OPPRRRRRRRRRRRRRRRRPPPWWPPPPPPO.
.OPPOOPRRRPPPPPPPPPPPPPPPPPPWKPPPPPPO.
....OPPRPPPPPPPPPPPPPPPPPPPPPPPPssssO.
....OPPRPPPPPPPPPPPPPPPPPPPPPPPssssssO
....OPPRRPPPPPPPPPPPPPPPPPPPPPPssKsKsO
....OPPPRRRPPPPPPPPPPPPPPPPPbbbPsssssO
....OPPPPPPPPPPPPPPPPPPPPPPPPPPPssssO.
....OPPPPPPPPPPPPPPPPPPPPPPPPPPPPPPO..
....OPPPPPPPPPPPPPPPPPPPPPPPPPPPPPO...
.....ODDDDDDDDDDDDDDDDDDDDOOOOOOOO....
......ODDDDDDDDDDDDDDDDDDDO...........
......OOOOOPPPOOOOOOOOOOOPPPO.........
.....ODDDOPPPO.......ODDDOPPPO........
.....ODDOPPPO.........ODDOPPPO........
....ODDDOPPPO.........ODDDOPPPO.......
....OOOOOOOO...........OOOOOOOO.......
frame 1
......................OOOO.....OOOO...
......................OeeeOOOOOeeeO...
......................OeeePPPPPeeeO...
.OOO..................OpppRRRpPPPPPO..
OPPPO..OOOOOOOOOOOOOOOPPRRRPPPPPPPPPO.
OPO.O.OPPRRRRRRRRRRRRRRRRPPPWWPPPPPPO.
.OPPOOPRRRPPPPPPPPPPPPPPPPPPWKPPPPPPO.
....OPPRPPPPPPPPPPPPPPPPPPPPPPPPssssO.
....OPPRPPPPPPPPPPPPPPPPPPPPPPPssssssO
....OPPRRPPPPPPPPPPPPPPPPPPPPPPssKsKsO
....OPPPRRRPPPPPPPPPPPPPPPPPbbbPsssssO
....OPPPPPPPPPPPPPPPPPPPPPPPPPPPssssO.
....OPPPPPPPPPPPPPPPPPPPPPPPPPPPPPPO..
....OPPPPPPPPPPPPPPPPPPPPPPPPPPPPPO...
.....ODDDDDDDDDDDDDDDDDDDDOOOOOOOO....
......ODDDDDDDDDDDDDDDDDDDO...........
......OOOOOPPPOOOOOOOOOOOPPPO.........
......ODDDOPPPO.....ODDDOPPPO.........
......ODDOPPPO.......ODDOPPPO.........
......ODDOPPPO.......ODDOPPPO.........
......OOOOOOOO.......OOOOOOOO.........
......................................
frame 2
......................................
......................OOOO.....OOOO...
......................OeeeOOOOOeeeO...
......................OeeePPPPPeeeO...
.OOO..................OpppRRRpPPPPPO..
OPPPO..OOOOOOOOOOOOOOOPPRRRPPPPPPPPPO.
OPO.O.OPPRRRRRRRRRRRRRRRRPPPWWPPPPPPO.
.OPPOOPRRRPPPPPPPPPPPPPPPPPPWKPPPPPPO.
....OPPRPPPPPPPPPPPPPPPPPPPPPPPPssssO.
....OPPRPPPPPPPPPPPPPPPPPPPPPPPssssssO
....OPPRRPPPPPPPPPPPPPPPPPPPPPPssKsKsO
....OPPPRRRPPPPPPPPPPPPPPPPPbbbPsssssO
....OPPPPPPPPPPPPPPPPPPPPPPPPPPPssssO.
....OPPPPPPPPPPPPPPPPPPPPPPPPPPPPPPO..
....OPPPPPPPPPPPPPPPPPPPPPPPPPPPPPO...
.....ODDDDDDDDDDDDDDDDDDDDOOOOOOOO....
......ODDDDDDDDDDDDDDDDDDDO...........
......OOOOOPPPOOOOOOOOOOOPPPO.........
.......ODDDOPPPO...ODDDOPPPO..........
.......ODDDOOPPPO.ODDDOOPPPO..........
........ODDDOPPPO.ODDDOPPPO...........
........OOOOOOOOOOOOOOOOOOO...........
frame 3
......................OOOO.....OOOO...
......................OeeeOOOOOeeeO...
......................OeeePPPPPeeeO...
.OOO..................OpppRRRpPPPPPO..
OPPPO..OOOOOOOOOOOOOOOPPRRRPPPPPPPPPO.
OPO.O.OPPRRRRRRRRRRRRRRRRPPPWWPPPPPPO.
.OPPOOPRRRPPPPPPPPPPPPPPPPPPWKPPPPPPO.
....OPPRPPPPPPPPPPPPPPPPPPPPPPPPssssO.
....OPPRPPPPPPPPPPPPPPPPPPPPPPPssssssO
....OPPRRPPPPPPPPPPPPPPPPPPPPPPssKsKsO
....OPPPRRRPPPPPPPPPPPPPPPPPbbbPsssssO
....OPPPPPPPPPPPPPPPPPPPPPPPPPPPssssO.
....OPPPPPPPPPPPPPPPPPPPPPPPPPPPPPPO..
....OPPPPPPPPPPPPPPPPPPPPPPPPPPPPPO...
.....ODDDDDDDDDDDDDDDDDDDDOOOOOOOO....
......ODDDDDDDDDDDDDDDDDDDO...........
......OOOOOPPPOOOOOOOOOOOPPPO.........
......ODDDOPPPO.....ODDDOPPPO.........
......ODDDOOPPPO...ODDDOOPPPO.........
......ODDDOOPPPO...ODDDOOPPPO.........
......OOOOOOOOOO...OOOOOOOOOO.........
......................................
D #A39B8D
K #161211
O #161211
P #D1C7B5
R #911F1F
W #B5BEBE
b #DC9FA0
e #ADA191
p #DED7CB
s #A64832
