frame 0
......................................
......................OOOO.....OOOO...
......................OeeeOOOOOeeeO...
......................OeeePPPPPeeeO...
.OOO..................OpppppppPPPPPO..
OPPPO..OOOOOOOOOOOOOOOPPPPPPPPPPPPPPO.
OPO.O.OPPpppppppppppPPPPPPPPWWPPPPPPO.
.OPPOOPpppPPPPPPPPPPPPPPPPPPWKPPPPPPO.
....OPPPPPPPPPPPPPPPPPPPPPPPPPPPssssO.
....OPRRRRRRRRRRRRRRRRRRRRPPPPPssssssO
....OPrrrrrrrrrrrrrrrrrrrrPPPPPssKsKsO
....OPRRRRRRRRRRRRRRRRRRRRPPbbbPsssssO
....OPrrrrrrrrrrrrrrrrrrrrPPPPPPssssO.
....OPRRRRRRRRRRRRRRRRRRRRPPPPPPPPPO..
....OPrrrrrrrrrrrrrrrrrrrPPPPPPPPPO...
.....ODDDDDDDDDDDDDDDDDDDDOOOOOOOO....
......ODDDDDDDDDDDDDDDDDDDO...........
......OOOOOPPPOOOOOOOOOOOPPPO.........
.....ODDDOPPPO.......ODDDOPPPO........
.....ODDOPPPO.........ODDOPPPO........
....ODDDOPPPO.........ODDDOPPPO.......
....OOOOOOOO...........OOOOOOOO.......
frame 1
......................OOOO.....OOOO...
......................OeeeOOOOOeeeO...
......................OeeePPPPPeeeO...
.OOO..................OpppppppPPPPPO..
OPPPO..OOOOOOOOOOOOOOOPPPPPPPPPPPPPPO.
OPO.O.OPPpppppppppppPPPPPPPPWWPPPPPPO.
.OPPOOPpppPPPPPPPPPPPPPPPPPPWKPPPPPPO.
....OPPPPPPPPPPPPPPPPPPPPPPPPPPPssssO.
....OPRRRRRRRRRRRRRRRRRRRRPPPPPssssssO
....OPrrrrrrrrrrrrrrrrrrrrPPPPPssKsKsO
....OPRRRRRRRRRRRRRRRRRRRRPPbbbPsssssO
....OPrrrrrrrrrrrrrrrrrrrrPPPPPPssssO.
....OPRRRRRRRRRRRRRRRRRRRRPPPPPPPPPO..
....OPrrrrrrrrrrrrrrrrrrrPPPPPPPPPO...
.....ODDDDDDDDDDDDDDDDDDDDOOOOOOOO....
......ODDDDDDDDDDDDDDDDDDDO...........
......OOOOOPPPOOOOOOOOOOOPPPO.........
......ODDDOPPPO.....ODDDOPPPO.........
......ODDOPPPO.......ODDOPPPO.........
......ODDOPPPO.......ODDOPPPO.........
......OOOOOOOO.......OOOOOOOO.........
......................................
frame 2
......................................
......................OOOO.....OOOO...
......................OeeeOOOOOeeeO...
......................OeeePPPPPeeeO...
.OOO..................OpppppppPPPPPO..
OPPPO..OOOOOOOOOOOOOOOPPPPPPPPPPPPPPO.
OPO.O.OPPpppppppppppPPPPPPPPWWPPPPPPO.
.OPPOOPpppPPPPPPPPPPPPPPPPPPWKPPPPPPO.
....OPPPPPPPPPPPPPPPPPPPPPPPPPPPssssO.
....OPRRRRRRRRRRRRRRRRRRRRPPPPPssssssO
....OPrrrrrrrrrrrrrrrrrrrrPPPPPssKsKsO
....OPRRRRRRRRRRRRRRRRRRRRPPbbbPsssssO
....OPrrrrrrrrrrrrrrrrrrrrPPPPPPssssO.
....OPRRRRRRRRRRRRRRRRRRRRPPPPPPPPPO..
....OPrrrrrrrrrrrrrrrrrrrPPPPPPPPPO...
.....ODDDDDDDDDDDDDDDDDDDDOOOOOOOO....
......ODDDDDDDDDDDDDDDDDDDO...........
......OOOOOPPPOOOOOOOOOOOPPPO.........
.......ODDDOPPPO...ODDDOPPPO..........
.......ODDDOOPPPO.ODDDOOPPPO..........
........ODDDOPPPO.ODDDOPPPO...........
........OOOOOOOOOOOOOOOOOOO...........
frame 3
......................OOOO.....OOOO...
......................OeeeOOOOOeeeO...
......................OeeePPPPPeeeO...
.OOO..................OpppppppPPPPPO..
OPPPO..OOOOOOOOOOOOOOOPPPPPPPPPPPPPPO.
OPO.O.OPPpppppppppppPPPPPPPPWWPPPPPPO.
.OPPOOPpppPPPPPPPPPPPPPPPPPPWKPPPPPPO.
....OPPPPPPPPPPPPPPPPPPPPPPPPPPPssssO.
....OPRRRRRRRRRRRRRRRRRRRRPPPPPssssssO
....OPrrrrrrrrrrrrrrrrrrrrPPPPPssKsKsO
....OPRRRRRRRRRRRRRRRRRRRRPPbbbPsssssO
....OPrrrrrrrrrrrrrrrrrrrrPPPPPPssssO.
....OPRRRRRRRRRRRRRRRRRRRRPPPPPPPPPO..
....OPrrrrrrrrrrrrrrrrrrrPPPPPPPPPO...
.....ODDDDDDDDDDDDDDDDDDDDOOOOOOOO....
......ODDDDDDDDDDDDDDDDDDDO...........
......OOOOOPPPOOOOOOOOOOOPPPO.........
......ODDDOPPPO.....ODDDOPPPO.........
......ODDDOOPPPO...ODDDOOPPPO.........
......ODDDOOPPPO...ODDDOOPPPO.........
......OOOOOOOOOO...OOOOOOOOOO.........
......................................
D #BF818D
K #18141E
O #18141E
P #F6A6B6
R #D91F4E
W #FFFFFF
b #EF8FA1
e #F06A8A
p #F8C0CB
r #A80F38
s #E86F88
