frame 0
......................................
......................OOOO.....OOOO...
......................OeeeOOOOOeeeO...
......................OeeePPPPPeeeO...
.OOO..................OpppppppPPPPPO..
OPPPO..OOOOOOOOOOOOOOOPPPPPPPPPPPPPPO.
OPO.O.OPPpppppppppppPPPPPPPPWWPPPPPPO.
.OPPOOPpppPPPPPPPPPPPPPPPPPPWKPPPPPPO.
....OPPPPPPPPPPPPPPPPPPPPPPPPPPPssssO.
....OPPPPPPPPPPPPPPPPPPPPPPPPPPssssssO
....OPPPPPPPPPPPPPPPPPPPPPPPPPPssKsKsO
....OPBBBBBBBBBBBBBBBBBBBPPPbbbPsssssO
....OPBBBBBBBBBBBBBBBBBBBBPPPPPPssssO.
....OPBBBBBBBBBBBBBBBBBBBBBPPPPPPPPO..
....OPBBBBBBBBBBBBBBBBBBBBPPPPPPPPO...
.....ObbbbbbbbbbbbbbbbbbbDOOOOOOOO....
......ODDDDDDDDDDDDDDDDDDDO...........
......OOOOOPPPOOOOOOOOOOOPPPO.........
.....ODDDOPPPO.......ODDDOPPPO........
.....ODDOPPPO.........ODDOPPPO........
....ODDDOPPPO.........ODDDOPPPO.......
....OOOOOOOO...........OOOOOOOO.......
frame 1
......................OOOO.....OOOO...
......................OeeeOOOOOeeeO...
......................OeeePPPPPeeeO...
.OOO..................OpppppppPPPPPO..
OPPPO..OOOOOOOOOOOOOOOPPPPPPPPPPPPPPO.
OPO.O.OPPpppppppppppPPPPPPPPWWPPPPPPO.
.OPPOOPpppPPPPPPPPPPPPPPPPPPWKPPPPPPO.
....OPPPPPPPPPPPPPPPPPPPPPPPPPPPssssO.
....OPPPPPPPPPPPPPPPPPPPPPPPPPPssssssO
....OPPPPPPPPPPPPPPPPPPPPPPPPPPssKsKsO
....OPBBBBBBBBBBBBBBBBBBBPPPbbbPsssssO
....OPBBBBBBBBBBBBBBBBBBBBPPPPPPssssO.
....OPBBBBBBBBBBBBBBBBBBBBBPPPPPPPPO..
....OPBBBBBBBBBBBBBBBBBBBBPPPPPPPPO...
.....ObbbbbbbbbbbbbbbbbbbDOOOOOOOO....
......ODDDDDDDDDDDDDDDDDDDO...........
......OOOOOPPPOOOOOOOOOOOPPPO.........
......ODDDOPPPO.....ODDDOPPPO.........
......ODDOPPPO.......ODDOPPPO.........
......ODDOPPPO.......ODDOPPPO.........
......OOOOOOOO.......OOOOOOOO.........
......................................
frame 2
......................................
......................OOOO.....OOOO...
......................OeeeOOOOOeeeO...
......................OeeePPPPPeeeO...
.OOO..................OpppppppPPPPPO..
OPPPO..OOOOOOOOOOOOOOOPPPPPPPPPPPPPPO.
OPO.O.OPPpppppppppppPPPPPPPPWWPPPPPPO.
.OPPOOPpppPPPPPPPPPPPPPPPPPPWKPPPPPPO.
....OPPPPPPPPPPPPPPPPPPPPPPPPPPPssssO.
....OPPPPPPPPPPPPPPPPPPPPPPPPPPssssssO
....OPPPPPPPPPPPPPPPPPPPPPPPPPPssKsKsO
....OPBBBBBBBBBBBBBBBBBBBPPPbbbPsssssO
....OPBBBBBBBBBBBBBBBBBBBBPPPPPPssssO.
....OPBBBBBBBBBBBBBBBBBBBBBPPPPPPPPO..
....OPBBBBBBBBBBBBBBBBBBBBPPPPPPPPO...
.....ObbbbbbbbbbbbbbbbbbbDOOOOOOOO....
......ODDDDDDDDDDDDDDDDDDDO...........
......OOOOOPPPOOOOOOOOOOOPPPO.........
.......ODDDOPPPO...ODDDOPPPO..........
.......ODDDOOPPPO.ODDDOOPPPO..........
........ODDDOPPPO.ODDDOPPPO...........
........OOOOOOOOOOOOOOOOOOO...........
frame 3
......................OOOO.....OOOO...
......................OeeeOOOOOeeeO...
......................OeeePPPPPeeeO...
.OOO..................OpppppppPPPPPO..
OPPPO..OOOOOOOOOOOOOOOPPPPPPPPPPPPPPO.
OPO.O.OPPpppppppppppPPPPPPPPWWPPPPPPO.
.OPPOOPpppPPPPPPPPPPPPPPPPPPWKPPPPPPO.
....OPPPPPPPPPPPPPPPPPPPPPPPPPPPssssO.
....OPPPPPPPPPPPPPPPPPPPPPPPPPPssssssO
....OPPPPPPPPPPPPPPPPPPPPPPPPPPssKsKsO
....OPBBBBBBBBBBBBBBBBBBBPPPbbbPsssssO
....OPBBBBBBBBBBBBBBBBBBBBPPPPPPssssO.
....OPBBBBBBBBBBBBBBBBBBBBBPPPPPPPPO..
....OPBBBBBBBBBBBBBBBBBBBBPPPPPPPPO...
.....ObbbbbbbbbbbbbbbbbbbDOOOOOOOO....
......ODDDDDDDDDDDDDDDDDDDO...........
......OOOOOPPPOOOOOOOOOOOPPPO.........
......ODDDOPPPO.....ODDDOPPPO.........
......ODDDOOPPPO...ODDDOOPPPO.........
......ODDDOOPPPO...ODDDOOPPPO.........
......OOOOOOOOOO...OOOOOOOOOO.........
......................................
B #B7986D
D #6C8D57
K #18141E
O #18141E
P #8BB570
W #FFFFFF
b #785B3D
e #C78E94
p #B7D496
s #72995B
