frame 0
......................................
......................OOOO.....OOOO...
......................OeeeOOOOOeeeO...
......................OeeePPPPPeeeO...
.OOO..................OpppppppPPPPPO..
OPPPO..OOOOOOOOOOOOOOOPPPPPPPPPPPPPPO.
OPO.O.OPPpppppppppppPPPPPPPPWWPPPPPPO.
.OPPOOPpppPPPPPPPPPPPPPPPPPPWKPPPPPPO.
....OPPPPPPPPPPPPPPPPPPPPPPPPPPPssssO.
....OPPPPPPPPPPPPPPPPPPPPPPPPPPssssssO
....OPPPPPPPPPPPPPPPPPPPPPPPPPPssKsKsO
....OPPPPPPPPPPPPPPPPPPPPPPPbbbPsssssO
....OPPPPPPPPPPPPPPPPPPPPPPPPPPPssssO.
....OPPPPPPPPPPPPPPPPPPPPPPPPPPPPPPO..
....OPPPPPPPPPPPPPPPPPPPPPPPPPPPPPO...
.....ODDDDDDDDDDDDDDDDDDDDOOOOOOOO....
......ODDDDDDDDDDDDDDDDDDDO...........
......OOOOOPPPOOOOOOOOOOOPPPO.........
.....ODDDOPPPO.......ODDDOPPPO........
.....ODDOPPPO.........ODDOPPPO........
....ODDDOPPPO.........ODDDOPPPO.......
....OOOOOOOO...........OOOOOOOO.......
frame 1
......................OOOO.....OOOO...
......................OeeeOOOOOeeeO...
......................OeeePPPPPeeeO...
.OOO..................OpppppppPPPPPO..
OPPPO..OOOOOOOOOOOOOOOPPPPPPPPPPPPPPO.
OPO.O.OPPpppppppppppPPPPPPPPWWPPPPPPO.
.OPPOOPpppPPPPPPPPPPPPPPPPPPWKPPPPPPO.
....OPPPPPPPPPPPPPPPPPPPPPPPPPPPssssO.
....OPPPPPPPPPPPPPPPPPPPPPPPPPPssssssO
....OPPPPPPPPPPPPPPPPPPPPPPPPPPssKsKsO
....OPPPPPPPPPPPPPPPPPPPPPPPbbbPsssssO
....OPPPPPPPPPPPPPPPPPPPPPPPPPPPssssO.
....OPPPPPPPPPPPPPPPPPPPPPPPPPPPPPPO..
....OPPPPPPPPPPPPPPPPPPPPPPPPPPPPPO...
.....ODDDDDDDDDDDDDDDDDDDDOOOOOOOO....
......ODDDDDDDDDDDDDDDDDDDO...........
......OOOOOPPPOOOOOOOOOOOPPPO.........
......ODDDOPPPO.....ODDDOPPPO.........
......ODDOPPPO.......ODDOPPPO.........
......ODDOPPPO.......ODDOPPPO.........
......OOOOOOOO.......OOOOOOOO.........
......................................
frame 2
......................................
......................OOOO.....OOOO...
......................OeeeOOOOOeeeO...
......................OeeePPPPPeeeO...
.OOO..................OpppppppPPPPPO..
OPPPO..OOOOOOOOOOOOOOOPPPPPPPPPPPPPPO.
OPO.O.OPPpppppppppppPPPPPPPPWWPPPPPPO.
.OPPOOPpppPPPPPPPPPPPPPPPPPPWKPPPPPPO.
....OPPPPPPPPPPPPPPPPPPPPPPPPPPPssssO.
....OPPPPPPPPPPPPPPPPPPPPPPPPPPssssssO
....OPPPPPPPPPPPPPPPPPPPPPPPPPPssKsKsO
....OPPPPPPPPPPPPPPPPPPPPPPPbbbPsssssO
....OPPPPPPPPPPPPPPPPPPPPPPPPPPPssssO.
....OPPPPPPPPPPPPPPPPPPPPPPPPPPPPPPO..
....OPPPPPPPPPPPPPPPPPPPPPPPPPPPPPO...
.....ODDDDDDDDDDDDDDDDDDDDOOOOOOOO....
......ODDDDDDDDDDDDDDDDDDDO...........
......OOOOOPPPOOOOOOOOOOOPPPO.........
.......ODDDOPPPO...ODDDOPPPO..........
.......ODDDOOPPPO.ODDDOOPPPO..........
........ODDDOPPPO.ODDDOPPPO...........
........OOOOOOOOOOOOOOOOOOO...........
frame 3
......................OOOO.....OOOO...
......................OeeeOOOOOeeeO...
......................OeeePPPPPeeeO...
.OOO..................OpppppppPPPPPO..
OPPPO..OOOOOOOOOOOOOOOPPPPPPPPPPPPPPO.
OPO.O.OPPpppppppppppPPPPPPPPWWPPPPPPO.
.OPPOOPpppPPPPPPPPPPPPPPPPPPWKPPPPPPO.
....OPPPPPPPPPPPPPPPPPPPPPPPPPPPssssO.
....OPPPPPPPPPPPPPPPPPPPPPPPPPPssssssO
....OPPPPPPPPPPPPPPPPPPPPPPPPPPssKsKsO
....OPPPPPPPPPPPPPPPPPPPPPPPbbbPsssssO
....OPPPPPPPPPPPPPPPPPPPPPPPPPPPssssO.
....OPPPPPPPPPPPPPPPPPPPPPPPPPPPPPPO..
....OPPPPPPPPPPPPPPPPPPPPPPPPPPPPPO...
.....ODDDDDDDDDDDDDDDDDDDDOOOOOOOO....
......ODDDDDDDDDDDDDDDDDDDO...........
......OOOOOPPPOOOOOOOOOOOPPPO.........
......ODDDOPPPO.....ODDDOPPPO.........
......ODDDOOPPPO...ODDDOOPPPO.........
......ODDDOOPPPO...ODDDOOPPPO.........
......OOOOOOOOOO...OOOOOOOOOO.........
......................................
D #C6838E
K #18141E
O #18141E
P #FFA8B7
W #FFFFFF
b #FF869A
e #FF90A4
p #FFC4CE
s #E88396
