frame 0
......................................
......................OOHHHHHHHHOOO...
......................OeHhhSShhHeeO...
....................HHHHHHHHHHHHHHHH..
.OOO..................OpppppppPPPPPO..
OPPPO..OOOOOOOOOOOOOOOPPPPPPPPPPPPPPO.
OPO.O.OPPpppppppppppPPPPPPPPWWPPPPPPO.
.OPPOOPpppPPPPPPPPPPPPPPPPPPWKPPPPPPO.
....OPPPPPPPPPPPPPPPPPPPPPPPPPPPssssO.
....OPPPPPPPPPPPPPPPPPPPPPPPPPPssssssO
....OPPPPPPPPPPPPPPPPPPPPPPPPPPssKsKsO
....OPPPPPPPPPPPPPPPPPPPPPPPbbbPsssssO
....OPPPPPPPPPPPPPPPPPPPPPPPPPPPssssO.
....OPPPPPPPPPPPPPPPPPPPPPPPPPPPPPPO..
....OPPPPPPPPPPPPPPPPPPPPPPPPPPPPPO...
.....ODDDDDDDDDDDDDDDDDDDDOOOOOOOO....
......ODDDDDDDDDDDDDDDDDDDO...........
......OOOOOPPPOOOOOOOOOOOPPPO.........
.....ODDDOPPPO.......ODDDOPPPO........
.....ODDOPPPO.........ODDOPPPO........
....ODDDOPPPO.........ODDDOPPPO.......
....OOOOOOOO...........OOOOOOOO.......
frame 1
......................OOHHHHHHHHOOO...
......................OeHhhSShhHeeO...
....................HHHHHHHHHHHHHHHH..
.OOO..................OpppppppPPPPPO..
OPPPO..OOOOOOOOOOOOOOOPPPPPPPPPPPPPPO.
OPO.O.OPPpppppppppppPPPPPPPPWWPPPPPPO.
.OPPOOPpppPPPPPPPPPPPPPPPPPPWKPPPPPPO.
....OPPPPPPPPPPPPPPPPPPPPPPPPPPPssssO.
....OPPPPPPPPPPPPPPPPPPPPPPPPPPssssssO
....OPPPPPPPPPPPPPPPPPPPPPPPPPPssKsKsO
....OPPPPPPPPPPPPPPPPPPPPPPPbbbPsssssO
....OPPPPPPPPPPPPPPPPPPPPPPPPPPPssssO.
....OPPPPPPPPPPPPPPPPPPPPPPPPPPPPPPO..
....OPPPPPPPPPPPPPPPPPPPPPPPPPPPPPO...
.....ODDDDDDDDDDDDDDDDDDDDOOOOOOOO....
......ODDDDDDDDDDDDDDDDDDDO...........
......OOOOOPPPOOOOOOOOOOOPPPO.........
......ODDDOPPPO.....ODDDOPPPO.........
......ODDOPPPO.......ODDOPPPO.........
......ODDOPPPO.......ODDOPPPO.........
......OOOOOOOO.......OOOOOOOO.........
......................................
frame 2
......................................
......................OOHHHHHHHHOOO...
......................OeHhhSShhHeeO...
....................HHHHHHHHHHHHHHHH..
.OOO..................OpppppppPPPPPO..
OPPPO..OOOOOOOOOOOOOOOPPPPPPPPPPPPPPO.
OPO.O.OPPpppppppppppPPPPPPPPWWPPPPPPO.
.OPPOOPpppPPPPPPPPPPPPPPPPPPWKPPPPPPO.
....OPPPPPPPPPPPPPPPPPPPPPPPPPPPssssO.
....OPPPPPPPPPPPPPPPPPPPPPPPPPPssssssO
....OPPPPPPPPPPPPPPPPPPPPPPPPPPssKsKsO
....OPPPPPPPPPPPPPPPPPPPPPPPbbbPsssssO
....OPPPPPPPPPPPPPPPPPPPPPPPPPPPssssO.
....OPPPPPPPPPPPPPPPPPPPPPPPPPPPPPPO..
....OPPPPPPPPPPPPPPPPPPPPPPPPPPPPPO...
.....ODDDDDDDDDDDDDDDDDDDDOOOOOOOO....
......ODDDDDDDDDDDDDDDDDDDO...........
......OOOOOPPPOOOOOOOOOOOPPPO.........
.......ODDDOPPPO...ODDDOPPPO..........
.......ODDDOOPPPO.ODDDOOPPPO..........
........ODDDOPPPO.ODDDOPPPO...........
........OOOOOOOOOOOOOOOOOOO...........
frame 3
......................OOHHHHHHHHOOO...
......................OeHhhSShhHeeO...
....................HHHHHHHHHHHHHHHH..
.OOO..................OpppppppPPPPPO..
OPPPO..OOOOOOOOOOOOOOOPPPPPPPPPPPPPPO.
OPO.O.OPPpppppppppppPPPPPPPPWWPPPPPPO.
.OPPOOPpppPPPPPPPPPPPPPPPPPPWKPPPPPPO.
....OPPPPPPPPPPPPPPPPPPPPPPPPPPPssssO.
....OPPPPPPPPPPPPPPPPPPPPPPPPPPssssssO
....OPPPPPPPPPPPPPPPPPPPPPPPPPPssKsKsO
....OPPPPPPPPPPPPPPPPPPPPPPPbbbPsssssO
....OPPPPPPPPPPPPPPPPPPPPPPPPPPPssssO.
....OPPPPPPPPPPPPPPPPPPPPPPPPPPPPPPO..
....OPPPPPPPPPPPPPPPPPPPPPPPPPPPPPO...
.....ODDDDDDDDDDDDDDDDDDDDOOOOOOOO....
......ODDDDDDDDDDDDDDDDDDDO...........
......OOOOOPPPOOOOOOOOOOOPPPO.........
......ODDDOPPPO.....ODDDOPPPO.........
......ODDDOOPPPO...ODDDOOPPPO.........
......ODDDOOPPPO...ODDDOOPPPO.........
......OOOOOOOOOO...OOOOOOOOOO.........
......................................
D #BC8F83
H #6B4C3A
K #18141E
O #18141E
P #F2B8A8
S #FFD700
W #FFFFFF
b #D95F4C
e #E79888
h #8B6F47
p #FFD2C7
s #D98978
