frame 0
......................................
......................OOOO.....OOOO...
......................OeeeOOOOOeeeO...
......................OeeePPPPPeeeO...
.OOO..................OpppppppPPPPPO..
OPPPO..OOOOOOOOOOOOOOOPPPPPPPPPPPPPPO.
OPO.O.OPPprppppppprpPPPPPPrPWWPPPPPPO.
.OPPOOPppprPPPPPPPrPPPPPPPrPWKPPPPPPO.
....OPrrrrrrrrrrrrrrrrrrrrrrPPPPssssO.
....OPPPPPrPPPPPPPrPPPPPPPrPPPPssssssO
....OPPPPPrPPPPPPPrPPPPPPPrPPPPssKsKsO
....OPrrrrrrrrrrrrrrrrrrrrrrbbbPsssssO
....OPPPPPrPPPPPPPrPPPPPPPrPPPPPssssO.
....OPPPPPrPPPPPPPrPPPPPPPrPPPPPPPPO..
....OPPPPPPPPPPPPPPPPPPPPPPPPPPPPPO...
.....ODDDDDDDDDDDDDDDDDDDDOOOOOOOO....
......ODDDDDDDDDDDDDDDDDDDO...........
......OOOOOPPPOOOOOOOOOOOPPPO.........
.....ODDDOPPPO.......ODDDOPPPO........
.....ODDOPPPO.........ODDOPPPO........
....ODDDOPPPO.........ODDDOPPPO.......
....OOOOOOOO...........OOOOOOOO.......
frame 1
......................OOOO.....OOOO...
......................OeeeOOOOOeeeO...
......................OeeePPPPPeeeO...
.OOO..................OpppppppPPPPPO..
OPPPO..OOOOOOOOOOOOOOOPPPPPPPPPPPPPPO.
OPO.O.OPPprppppppprpPPPPPPrPWWPPPPPPO.
.OPPOOPppprPPPPPPPrPPPPPPPrPWKPPPPPPO.
....OPrrrrrrrrrrrrrrrrrrrrrrPPPPssssO.
....OPPPPPrPPPPPPPrPPPPPPPrPPPPssssssO
....OPPPPPrPPPPPPPrPPPPPPPrPPPPssKsKsO
....OPrrrrrrrrrrrrrrrrrrrrrrbbbPsssssO
....OPPPPPrPPPPPPPrPPPPPPPrPPPPPssssO.
....OPPPPPrPPPPPPPrPPPPPPPrPPPPPPPPO..
....OPPPPPPPPPPPPPPPPPPPPPPPPPPPPPO...
.....ODDDDDDDDDDDDDDDDDDDDOOOOOOOO....
......ODDDDDDDDDDDDDDDDDDDO...........
......OOOOOPPPOOOOOOOOOOOPPPO.........
......ODDDOPPPO.....ODDDOPPPO.........
......ODDOPPPO.......ODDOPPPO.........
......ODDOPPPO.......ODDOPPPO.........
......OOOOOOOO.......OOOOOOOO.........
......................................
frame 2
......................................
......................OOOO.....OOOO...
......................OeeeOOOOOeeeO...
......................OeeePPPPPeeeO...
.OOO..................OpppppppPPPPPO..
OPPPO..OOOOOOOOOOOOOOOPPPPPPPPPPPPPPO.
OPO.O.OPPprppppppprpPPPPPPrPWWPPPPPPO.
.OPPOOPppprPPPPPPPrPPPPPPPrPWKPPPPPPO.
....OPrrrrrrrrrrrrrrrrrrrrrrPPPPssssO.
....OPPPPPrPPPPPPPrPPPPPPPrPPPPssssssO
....OPPPPPrPPPPPPPrPPPPPPPrPPPPssKsKsO
....OPrrrrrrrrrrrrrrrrrrrrrrbbbPsssssO
....OPPPPPrPPPPPPPrPPPPPPPrPPPPPssssO.
....OPPPPPrPPPPPPPrPPPPPPPrPPPPPPPPO..
....OPPPPPPPPPPPPPPPPPPPPPPPPPPPPPO...
.....ODDDDDDDDDDDDDDDDDDDDOOOOOOOO....
......ODDDDDDDDDDDDDDDDDDDO...........
......OOOOOPPPOOOOOOOOOOOPPPO.........
.......ODDDOPPPO...ODDDOPPPO..........
.......ODDDOOPPPO.ODDDOOPPPO..........
........ODDDOPPPO.ODDDOPPPO...........
........OOOOOOOOOOOOOOOOOOO...........
frame 3
......................OOOO.....OOOO...
......................OeeeOOOOOeeeO...
......................OeeePPPPPeeeO...
.OOO..................OpppppppPPPPPO..
OPPPO..OOOOOOOOOOOOOOOPPPPPPPPPPPPPPO.
OPO.O.OPPprppppppprpPPPPPPrPWWPPPPPPO.
.OPPOOPppprPPPPPPPrPPPPPPPrPWKPPPPPPO.
....OPrrrrrrrrrrrrrrrrrrrrrrPPPPssssO.
....OPPPPPrPPPPPPPrPPPPPPPrPPPPssssssO
....OPPPPPrPPPPPPPrPPPPPPPrPPPPssKsKsO
....OPrrrrrrrrrrrrrrrrrrrrrrbbbPsssssO
....OPPPPPrPPPPPPPrPPPPPPPrPPPPPssssO.
....OPPPPPrPPPPPPPrPPPPPPPrPPPPPPPPO..
....OPPPPPPPPPPPPPPPPPPPPPPPPPPPPPO...
.....ODDDDDDDDDDDDDDDDDDDDOOOOOOOO....
......ODDDDDDDDDDDDDDDDDDDO...........
......OOOOOPPPOOOOOOOOOOOPPPO.........
......ODDDOPPPO.....ODDDOPPPO.........
......ODDDOOPPPO...ODDDOOPPPO.........
......ODDDOOPPPO...ODDDOOPPPO.........
......OOOOOOOOOO...OOOOOOOOOO.........
......................................
D #B31C1F
K #120B0D
O #120B0D
P #E62429
W #FFFFFF
b #E74E5A
e #CA1F24
p #ED6569
r #7A1118
s #A9131B
